
> lamtra-admin@0.0.1 build
> tsc && vite build

src/components/Layout.tsx(1,17): error TS6133: 'useEffect' is declared but its value is never read.
src/components/Layout.tsx(28,3): error TS6133: 'onLogout' is declared but its value is never read.
src/components/Layout.tsx(32,3): error TS6133: 'branchId' is declared but its value is never read.
src/components/Layout.tsx(34,29): error TS6133: 'setNotificationCount' is declared but its value is never read.
src/pages/Inventory.tsx(466,11): error TS2322: Type '{ branches: Branch[]; selectedBranch: string; onBranchChange: (branchId: string) => void; branchInventory: BranchInventory[]; isSuperAdmin: boolean; onRestockClick: (ingredientId: string) => void; onAuditClick: (ingredientId: string, currentStock: number) => void; }' is not assignable to type 'IntrinsicAttributes & InventoryStockTabProps'.
  Property 'isSuperAdmin' does not exist on type 'IntrinsicAttributes & InventoryStockTabProps'.
src/pages/Orders.tsx(519,39): error TS2339: Property 'discountamount' does not exist on type 'OrderWithDetails'.
src/pages/Orders.tsx(525,38): error TS2339: Property 'shippingfee' does not exist on type 'OrderWithDetails'.
src/pages/Settings.tsx(3,45): error TS6133: 'CustomerVoucher' is declared but its value is never read.
src/pages/Settings.tsx(4,41): error TS6133: 'Plus' is declared but its value is never read.
src/pages/Settings.tsx(4,47): error TS6133: 'Edit2' is declared but its value is never read.
src/pages/Settings.tsx(4,60): error TS6133: 'X' is declared but its value is never read.
src/pages/Settings.tsx(44,10): error TS6133: 'filterBirthday' is declared but its value is never read.
src/pages/Settings.tsx(44,26): error TS6133: 'setFilterBirthday' is declared but its value is never read.
src/pages/Settings.tsx(110,50): error TS2339: Property 'getVoucherStatistics' does not exist on type '{ getAllVouchersWithStats(): Promise<VoucherStatistic[]>; getAllVouchers(): Promise<Voucher[]>; getVoucherById(voucherid: number): Promise<...>; ... 8 more ...; formatVoucherExpiry(expirydate: string): string; }'.
src/pages/Settings.tsx(114,28): error TS2339: Property 'description' does not exist on type 'Voucher'.
src/pages/Settings.tsx(115,25): error TS2339: Property 'discount' does not exist on type 'Voucher'.
src/pages/Settings.tsx(122,25): error TS2339: Property 'isactive' does not exist on type 'Voucher'.
src/pages/Settings.tsx(178,26): error TS2339: Property 'updateVoucher' does not exist on type '{ getAllVouchersWithStats(): Promise<VoucherStatistic[]>; getAllVouchers(): Promise<Voucher[]>; getVoucherById(voucherid: number): Promise<...>; ... 8 more ...; formatVoucherExpiry(expirydate: string): string; }'.
src/pages/Settings.tsx(327,33): error TS2339: Property 'description' does not exist on type 'Voucher'.
src/pages/Settings.tsx(428,76): error TS2339: Property 'description' does not exist on type 'Voucher'.
src/pages/Settings.tsx(480,76): error TS2339: Property 'description' does not exist on type 'Voucher'.
src/pages/Settings.tsx(482,31): error TS2339: Property 'discount' does not exist on type 'Voucher'.
src/pages/Settings.tsx(482,42): error TS2367: This comparison appears to be unintentional because the types '"%" | "Tiß╗ün mß║╖t"' and '"percentage"' have no overlap.
src/services/orderService.ts(87,21): error TS6133: 'branchId' is declared but its value is never read.
